// Jest Snapshot v1, https://goo.gl/fbAQLP

exports[`UserPostCard renders should UserPostCard match snapshot 1`] = `
<DocumentFragment>
  <div
    class="user_card_container"
  >
    <div
      class="user_card_img"
    >
      <img
        alt=""
      />
    </div>
  </div>
</DocumentFragment>
`;
